// Jest Snapshot v1, https://goo.gl/fbAQLP

exports[`Pages index page spec testing router stuff <3 1`] = `[Function]`;
